Radek
dodane
dośdanedodane
dośdanedodane
dośdanedodane
dośdanedodane
dośdane